This is LuaHBTeX, Version 1.17.0 (TeX Live 2023/Debian)  (format=lualatex 2026.5.6)  6 MAY 2026 13:30
 restricted system commands enabled.
**main.tex
(./main.tex
LaTeX2e <2023-11-01> patch level 1
L3 programming layer <2024-01-22>
Lua module: luaotfload 2023-08-31 3.26 Lua based OpenType font support
Lua module: lualibs 2023-07-13 2.76 ConTeXt Lua standard libraries.
Lua module: lualibs-extended 2023-07-13 2.76 ConTeXt Lua libraries -- extended c
ollection.
luaotfload | conf : Root cache directory is "/home/brunollacer/.texlive2023/texm
f-var/luatex-cache/generic/names".
luaotfload | init : Loading fontloader "fontloader-2023-08-19.lua" from kpse-res
olved path "/usr/share/texlive/texmf-dist/tex/luatex/luaotfload/fontloader-2023-
08-19.lua".
Lua-only attribute luaotfload@noligature = 1
luaotfload | init : Context OpenType loader version 3.133
Inserting `luaotfload.node_processor' in `pre_linebreak_filter'.
Inserting `luaotfload.node_processor' in `hpack_filter'.
Inserting `luaotfload.glyph_stream' in `glyph_stream_provider'.
Inserting `luaotfload.define_font' in `define_font'.
Lua-only attribute luaotfload_color_attribute = 2
luaotfload | conf : Root cache directory is "/home/brunollacer/.texlive2023/texm
f-var/luatex-cache/generic/names".
Inserting `luaotfload.harf.strip_prefix' in `find_opentype_file'.
Inserting `luaotfload.harf.strip_prefix' in `find_truetype_file'.
Removing  `luaotfload.glyph_stream' from `glyph_stream_provider'.
Inserting `luaotfload.harf.glyphstream' in `glyph_stream_provider'.
Inserting `luaotfload.harf.finalize_vlist' in `post_linebreak_filter'.
Inserting `luaotfload.harf.finalize_hlist' in `hpack_filter'.
Inserting `luaotfload.cleanup_files' in `wrapup_run'.
Inserting `luaotfload.harf.finalize_unicode' in `finish_pdffile'.
Inserting `luaotfload.glyphinfo' in `glyph_info'.
Lua-only attribute luaotfload.letterspace_done = 3
Inserting `luaotfload.aux.set_sscale_dimens' in `luaotfload.patch_font'.
Inserting `luaotfload.aux.set_font_index' in `luaotfload.patch_font'.
Inserting `luaotfload.aux.patch_cambria_domh' in `luaotfload.patch_font'.
Inserting `luaotfload.aux.fixup_fontdata' in `luaotfload.patch_font_unsafe'.
Inserting `luaotfload.aux.set_capheight' in `luaotfload.patch_font'.
Inserting `luaotfload.aux.set_xheight' in `luaotfload.patch_font'.
Inserting `luaotfload.rewrite_fontname' in `luaotfload.patch_font'.
Inserting `tracingstacklevels' in `input_level_string'. (/usr/share/texlive/tex
mf-dist/tex/latex/base/article.cls
Document Class: article 2023/05/17 v1.4n Standard LaTeX document class
(/usr/share/texlive/texmf-dist/tex/latex/base/size10.clo
File: size10.clo 2023/05/17 v1.4n Standard LaTeX file (size option)
luaotfload | db : Font names database loaded from /home/brunollacer/.texlive2023
/texmf-var/luatex-cache/generic/names/luaotfload-names.luc.gz)
\c@part=\count185
\c@section=\count186
\c@subsection=\count187
\c@subsubsection=\count188
\c@paragraph=\count189
\c@subparagraph=\count190
\c@figure=\count191
\c@table=\count192
\abovecaptionskip=\skip48
\belowcaptionskip=\skip49
\bibindent=\dimen139
)
(/usr/share/texlive/texmf-dist/tex/latex/graphics/graphicx.sty
Package: graphicx 2021/09/16 v1.2d Enhanced LaTeX Graphics (DPC,SPQR)

(/usr/share/texlive/texmf-dist/tex/latex/graphics/keyval.sty
Package: keyval 2022/05/29 v1.15 key=value parser (DPC)
\KV@toks@=\toks17
)
(/usr/share/texlive/texmf-dist/tex/latex/graphics/graphics.sty
Package: graphics 2022/03/10 v1.4e Standard LaTeX Graphics (DPC,SPQR)

(/usr/share/texlive/texmf-dist/tex/latex/graphics/trig.sty
Package: trig 2021/08/11 v1.11 sin cos tan (DPC)
)
(/usr/share/texlive/texmf-dist/tex/latex/graphics-cfg/graphics.cfg
File: graphics.cfg 2016/06/04 v1.11 sample graphics configuration
)
Package graphics Info: Driver file: luatex.def on input line 107.

(/usr/share/texlive/texmf-dist/tex/latex/graphics-def/luatex.def
File: luatex.def 2022/09/22 v1.2d Graphics/color driver for luatex
))
\Gin@req@height=\dimen140
\Gin@req@width=\dimen141
)
(/usr/share/texlive/texmf-dist/tex/latex/amsmath/amsmath.sty
Package: amsmath 2023/05/13 v2.17o AMS math features
\@mathmargin=\skip50

For additional information on amsmath, use the `?' option.
(/usr/share/texlive/texmf-dist/tex/latex/amsmath/amstext.sty
Package: amstext 2021/08/26 v2.01 AMS text

(/usr/share/texlive/texmf-dist/tex/latex/amsmath/amsgen.sty
File: amsgen.sty 1999/11/30 v2.0 generic functions
\@emptytoks=\toks18
\ex@=\dimen142
))
(/usr/share/texlive/texmf-dist/tex/latex/amsmath/amsbsy.sty
Package: amsbsy 1999/11/29 v1.2d Bold Symbols
\pmbraise@=\dimen143
)
(/usr/share/texlive/texmf-dist/tex/latex/amsmath/amsopn.sty
Package: amsopn 2022/04/08 v2.04 operator names
)
\inf@bad=\count193
LaTeX Info: Redefining \frac on input line 236.
\uproot@=\count194
\leftroot@=\count195
LaTeX Info: Redefining \overline on input line 399.
LaTeX Info: Redefining \colon on input line 410.
\classnum@=\count196
\DOTSCASE@=\count197
LaTeX Info: Redefining \ldots on input line 496.
LaTeX Info: Redefining \dots on input line 499.
LaTeX Info: Redefining \cdots on input line 620.
\Mathstrutbox@=\box51
\strutbox@=\box52
LaTeX Info: Redefining \big on input line 722.
LaTeX Info: Redefining \Big on input line 723.
LaTeX Info: Redefining \bigg on input line 724.
LaTeX Info: Redefining \Bigg on input line 725.
\big@size=\dimen144
LaTeX Font Info:    Redeclaring font encoding OML on input line 743.
LaTeX Font Info:    Redeclaring font encoding OMS on input line 744.
\macc@depth=\count198
LaTeX Info: Redefining \bmod on input line 905.
LaTeX Info: Redefining \pmod on input line 910.
LaTeX Info: Redefining \smash on input line 940.
LaTeX Info: Redefining \relbar on input line 970.
LaTeX Info: Redefining \Relbar on input line 971.
\c@MaxMatrixCols=\count199
\dotsspace@=\muskip16
\c@parentequation=\count266
\dspbrk@lvl=\count267
\tag@help=\toks19
\row@=\count268
\column@=\count269
\maxfields@=\count270
\andhelp@=\toks20
\eqnshift@=\dimen145
\alignsep@=\dimen146
\tagshift@=\dimen147
\tagwidth@=\dimen148
\totwidth@=\dimen149
\lineht@=\dimen150
\@envbody=\toks21
\multlinegap=\skip51
\multlinetaggap=\skip52
\mathdisplay@stack=\toks22
LaTeX Info: Redefining \[ on input line 2953.
LaTeX Info: Redefining \] on input line 2954.
)
(/usr/share/texlive/texmf-dist/tex/latex/amsfonts/amsfonts.sty
Package: amsfonts 2013/01/14 v3.01 Basic AMSFonts support
\symAMSa=\mathgroup4
\symAMSb=\mathgroup5
LaTeX Font Info:    Redeclaring math symbol \hbar on input line 98.
LaTeX Font Info:    Overwriting math alphabet `\mathfrak' in version `bold'
(Font)                  U/euf/m/n --> U/euf/b/n on input line 106.
)
(/usr/share/texlive/texmf-dist/tex/latex/amscls/amsthm.sty
Package: amsthm 2020/05/29 v2.20.6
\thm@style=\toks23
\thm@bodyfont=\toks24
\thm@headfont=\toks25
\thm@notefont=\toks26
\thm@headpunct=\toks27
\thm@preskip=\skip53
\thm@postskip=\skip54
\thm@headsep=\skip55
\dth@everypar=\toks28
)
(/usr/share/texlive/texmf-dist/tex/latex/amsfonts/amssymb.sty
Package: amssymb 2013/01/14 v3.01 AMS font symbols
)
(/usr/share/texlive/texmf-dist/tex/latex/float/float.sty
Package: float 2001/11/08 v1.3d Float enhancements (AL)
\c@float@type=\count271
\float@exts=\toks29
\float@box=\box53
\@float@everytoks=\toks30
\@floatcapt=\box54
)
(/usr/share/texlive/texmf-dist/tex/latex/hyperref/hyperref.sty
Package: hyperref 2024-01-20 v7.01h Hypertext links for LaTeX

(/usr/share/texlive/texmf-dist/tex/generic/iftex/iftex.sty
Package: iftex 2022/02/03 v1.0f TeX engine tests
)
(/usr/share/texlive/texmf-dist/tex/latex/kvsetkeys/kvsetkeys.sty
Package: kvsetkeys 2022-10-05 v1.19 Key value parser (HO)
)
(/usr/share/texlive/texmf-dist/tex/generic/kvdefinekeys/kvdefinekeys.sty
Package: kvdefinekeys 2019-12-19 v1.6 Define keys (HO)
)
(/usr/share/texlive/texmf-dist/tex/generic/pdfescape/pdfescape.sty
Package: pdfescape 2019/12/09 v1.15 Implements pdfTeX's escape features (HO)

(/usr/share/texlive/texmf-dist/tex/generic/ltxcmds/ltxcmds.sty
Package: ltxcmds 2023-12-04 v1.26 LaTeX kernel commands for general use (HO)
)
(/usr/share/texlive/texmf-dist/tex/generic/pdftexcmds/pdftexcmds.sty
Package: pdftexcmds 2020-06-27 v0.33 Utility functions of pdfTeX for LuaTeX (HO
)

(/usr/share/texlive/texmf-dist/tex/generic/infwarerr/infwarerr.sty
Package: infwarerr 2019/12/03 v1.5 Providing info/warning/error messages (HO)
)
Package pdftexcmds Info: \pdf@primitive is available.
Package pdftexcmds Info: \pdf@ifprimitive is available.
Package pdftexcmds Info: \pdfdraftmode found.
\pdftexcmds@toks=\toks31
))
(/usr/share/texlive/texmf-dist/tex/latex/hycolor/hycolor.sty
Package: hycolor 2020-01-27 v1.10 Color options for hyperref/bookmark (HO)
)
(/usr/share/texlive/texmf-dist/tex/latex/auxhook/auxhook.sty
Package: auxhook 2019-12-17 v1.6 Hooks for auxiliary files (HO)
)
(/usr/share/texlive/texmf-dist/tex/latex/hyperref/nameref.sty
Package: nameref 2023-11-26 v2.56 Cross-referencing by name of section

(/usr/share/texlive/texmf-dist/tex/latex/refcount/refcount.sty
Package: refcount 2019/12/15 v3.6 Data extraction from label references (HO)
)
(/usr/share/texlive/texmf-dist/tex/generic/gettitlestring/gettitlestring.sty
Package: gettitlestring 2019/12/15 v1.6 Cleanup title references (HO)

(/usr/share/texlive/texmf-dist/tex/latex/kvoptions/kvoptions.sty
Package: kvoptions 2022-06-15 v3.15 Key value format for package options (HO)
))
\c@section@level=\count272
)
(/usr/share/texlive/texmf-dist/tex/latex/etoolbox/etoolbox.sty
Package: etoolbox 2020/10/05 v2.5k e-TeX tools for LaTeX (JAW)
\etb@tempcnta=\count273
)
\@linkdim=\dimen151
\Hy@linkcounter=\count274
\Hy@pagecounter=\count275

(/usr/share/texlive/texmf-dist/tex/latex/hyperref/pd1enc.def
File: pd1enc.def 2024-01-20 v7.01h Hyperref: PDFDocEncoding definition (HO)
)
(/usr/share/texlive/texmf-dist/tex/generic/intcalc/intcalc.sty
Package: intcalc 2019/12/15 v1.3 Expandable calculations with integers (HO)
)
\Hy@SavedSpaceFactor=\count276

(/usr/share/texlive/texmf-dist/tex/latex/hyperref/puenc.def
File: puenc.def 2024-01-20 v7.01h Hyperref: PDF Unicode definition (HO)
)
Package hyperref Info: Hyper figures OFF on input line 4179.
Package hyperref Info: Link nesting OFF on input line 4184.
Package hyperref Info: Hyper index ON on input line 4187.
Package hyperref Info: Plain pages OFF on input line 4194.
Package hyperref Info: Backreferencing OFF on input line 4199.
Package hyperref Info: Implicit mode ON; LaTeX internals redefined.
Package hyperref Info: Bookmarks ON on input line 4446.
\c@Hy@tempcnt=\count277

(/usr/share/texlive/texmf-dist/tex/latex/url/url.sty
\Urlmuskip=\muskip17
Package: url 2013/09/16  ver 3.4  Verb mode for urls, etc.
)
LaTeX Info: Redefining \url on input line 4784.
\XeTeXLinkMargin=\dimen152

(/usr/share/texlive/texmf-dist/tex/generic/bitset/bitset.sty
Package: bitset 2019/12/09 v1.3 Handle bit-vector datatype (HO)

(/usr/share/texlive/texmf-dist/tex/generic/bigintcalc/bigintcalc.sty
Package: bigintcalc 2019/12/15 v1.5 Expandable calculations on big integers (HO
)
))
\Fld@menulength=\count278
\Field@Width=\dimen153
\Fld@charsize=\dimen154
Package hyperref Info: Hyper figures OFF on input line 6063.
Package hyperref Info: Link nesting OFF on input line 6068.
Package hyperref Info: Hyper index ON on input line 6071.
Package hyperref Info: backreferencing OFF on input line 6078.
Package hyperref Info: Link coloring OFF on input line 6083.
Package hyperref Info: Link coloring with OCG OFF on input line 6088.
Package hyperref Info: PDF/A mode OFF on input line 6093.

(/usr/share/texlive/texmf-dist/tex/latex/base/atbegshi-ltx.sty
Package: atbegshi-ltx 2021/01/10 v1.0c Emulation of the original atbegshi
package with kernel methods
)
\Hy@abspage=\count279
\c@Item=\count280
\c@Hfootnote=\count281
)
Package hyperref Info: Driver (autodetected): hluatex.

(/usr/share/texlive/texmf-dist/tex/latex/hyperref/hluatex.def
File: hluatex.def 2024-01-20 v7.01h Hyperref driver for luaTeX

(/usr/share/texlive/texmf-dist/tex/generic/stringenc/stringenc.sty
Package: stringenc 2019/11/29 v1.12 Convert strings between diff. encodings (HO
)
)
(/usr/share/texlive/texmf-dist/tex/latex/base/atveryend-ltx.sty
Package: atveryend-ltx 2020/08/19 v1.0a Emulation of the original atveryend pac
kage
with kernel methods
)
\Fld@listcount=\count282
\c@bookmark@seq@number=\count283

(/usr/share/texlive/texmf-dist/tex/latex/rerunfilecheck/rerunfilecheck.sty
Package: rerunfilecheck 2022-07-10 v1.10 Rerun checks for auxiliary files (HO)

(/usr/share/texlive/texmf-dist/tex/generic/uniquecounter/uniquecounter.sty
Package: uniquecounter 2019/12/15 v1.4 Provide unlimited unique counter (HO)
)
Package uniquecounter Info: New unique counter `rerunfilecheck' on input line 2
85.
)
\Hy@SectionHShift=\skip56
)
(/usr/share/texlive/texmf-dist/tex/latex/unicode-math/unicode-math.sty
(/usr/share/texlive/texmf-dist/tex/latex/l3kernel/expl3.sty
Package: expl3 2024-01-22 L3 programming layer (loader) 

(/usr/share/texlive/texmf-dist/tex/latex/l3backend/l3backend-luatex.def
File: l3backend-luatex.def 2024-01-04 L3 backend support: PDF output (LuaTeX)
\l__color_backend_stack_int=\count284
Inserting `l3color' in `luaotfload.parse_color'.
\l__pdf_internal_box=\box55
))
Package: unicode-math 2023/08/13 v0.8r Unicode maths in XeLaTeX and LuaLaTeX

(/usr/share/texlive/texmf-dist/tex/latex/unicode-math/unicode-math-luatex.sty
Package: unicode-math-luatex 2023/08/13 v0.8r Unicode maths in XeLaTeX and LuaL
aTeX

(/usr/share/texlive/texmf-dist/tex/latex/l3packages/xparse/xparse.sty
Package: xparse 2023-10-10 L3 Experimental document command parser
)
(/usr/share/texlive/texmf-dist/tex/latex/l3packages/l3keys2e/l3keys2e.sty
Package: l3keys2e 2023-10-10 LaTeX2e option processing using LaTeX3 keys
)
(/usr/share/texlive/texmf-dist/tex/latex/fontspec/fontspec.sty
Package: fontspec 2022/01/15 v2.8a Font selection for XeLaTeX and LuaLaTeX
Lua module: fontspec 2022/01/15 2.8a Font selection for XeLaTeX and LuaLaTeX
(/usr/share/texlive/texmf-dist/tex/latex/fontspec/fontspec-luatex.sty
Package: fontspec-luatex 2022/01/15 v2.8a Font selection for XeLaTeX and LuaLaT
eX
\l__fontspec_script_int=\count285
\l__fontspec_language_int=\count286
\l__fontspec_strnum_int=\count287
\l__fontspec_tmp_int=\count288
\l__fontspec_tmpa_int=\count289
\l__fontspec_tmpb_int=\count290
\l__fontspec_tmpc_int=\count291
\l__fontspec_em_int=\count292
\l__fontspec_emdef_int=\count293
\l__fontspec_strong_int=\count294
\l__fontspec_strongdef_int=\count295
\l__fontspec_tmpa_dim=\dimen155
\l__fontspec_tmpb_dim=\dimen156
\l__fontspec_tmpc_dim=\dimen157

(/usr/share/texlive/texmf-dist/tex/latex/base/fontenc.sty
Package: fontenc 2021/04/29 v2.0v Standard LaTeX package
)
(/usr/share/texlive/texmf-dist/tex/latex/fontspec/fontspec.cfg)))
(/usr/share/texlive/texmf-dist/tex/latex/base/fix-cm.sty
Package: fix-cm 2020/11/24 v1.1t fixes to LaTeX

(/usr/share/texlive/texmf-dist/tex/latex/base/ts1enc.def
File: ts1enc.def 2001/06/05 v3.0e (jk/car/fm) Standard LaTeX file
LaTeX Font Info:    Redeclaring font encoding TS1 on input line 47.
))
(/usr/share/texlive/texmf-dist/tex/lualatex/lualatex-math/lualatex-math.sty
Package: lualatex-math 2022/01/01 v1.12 Patches for mathematics typesetting wit
h LuaLaTeX
Lua module: lualatex-math 2013/08/03 1.3 Patches for mathematics typesetting wit
h LuaLaTeX)
\g__um_fam_int=\count296
\g__um_fonts_used_int=\count297
\l__um_primecount_int=\count298
\g__um_primekern_muskip=\muskip18

(/usr/share/texlive/texmf-dist/tex/latex/unicode-math/unicode-math-table.tex))) (/usr/share/texlive/texmf-dist/tex/latex/colortbl/colortbl.sty
Package: colortbl 2022/06/20 v1.0f Color table columns (DPC)

(/usr/share/texlive/texmf-dist/tex/latex/tools/array.sty
Package: array 2023/10/16 v2.5g Tabular extension package (FMi)
\col@sep=\dimen158
\ar@mcellbox=\box56
\extrarowheight=\dimen159
\NC@list=\toks32
\extratabsurround=\skip57
\backup@length=\skip58
\ar@cellbox=\box57
)
(/usr/share/texlive/texmf-dist/tex/latex/graphics/color.sty
Package: color 2022/01/06 v1.3d Standard LaTeX Color (DPC)

(/usr/share/texlive/texmf-dist/tex/latex/graphics-cfg/color.cfg
File: color.cfg 2016/01/02 v1.6 sample color configuration
)
Package color Info: Driver file: luatex.def on input line 149.

(/usr/share/texlive/texmf-dist/tex/latex/graphics/mathcolor.ltx))
\everycr=\toks33
\minrowclearance=\skip59
\rownum=\count299
)
(/usr/share/texlive/texmf-dist/tex/latex/xcolor/xcolor.sty
Package: xcolor 2023/11/15 v3.01 LaTeX color extensions (UK)

(/usr/share/texlive/texmf-dist/tex/latex/graphics-cfg/color.cfg
File: color.cfg 2016/01/02 v1.6 sample color configuration
)
Package xcolor Info: Driver file: luatex.def on input line 274.
LaTeX Info: Redefining \color on input line 758.

(/usr/share/texlive/texmf-dist/tex/latex/graphics/mathcolor.ltx)
Package xcolor Info: Model `cmy' substituted by `cmy0' on input line 1350.
Package xcolor Info: Model `hsb' substituted by `rgb' on input line 1354.
Package xcolor Info: Model `RGB' extended on input line 1366.
Package xcolor Info: Model `HTML' substituted by `rgb' on input line 1368.
Package xcolor Info: Model `Hsb' substituted by `hsb' on input line 1369.
Package xcolor Info: Model `tHsb' substituted by `hsb' on input line 1370.
Package xcolor Info: Model `HSB' substituted by `hsb' on input line 1371.
Package xcolor Info: Model `Gray' substituted by `gray' on input line 1372.
Package xcolor Info: Model `wave' substituted by `hsb' on input line 1373.
)
(/usr/share/texlive/texmf-dist/tex/latex/microtype/microtype.sty
Package: microtype 2023/03/13 v3.1a Micro-typographical refinements (RS)
\MT@toks=\toks34
\MT@tempbox=\box58
\MT@count=\count300
LaTeX Info: Redefining \noprotrusionifhmode on input line 1059.
LaTeX Info: Redefining \leftprotrusion on input line 1060.
\MT@prot@toks=\toks35
LaTeX Info: Redefining \rightprotrusion on input line 1078.
LaTeX Info: Redefining \textls on input line 1368.
\MT@outer@kern=\dimen160
LaTeX Info: Redefining \textmicrotypecontext on input line 1988.
\MT@listname@count=\count301

(/usr/share/texlive/texmf-dist/tex/latex/microtype/microtype-luatex.def
File: microtype-luatex.def 2023/03/13 v3.1a Definitions specific to luatex (RS)

Lua module: microtype 2023/03/13 3.1a microtype module.
Module microtype Info: overwriting function `keepligature' on input line 63
LaTeX Info: Redefining \lsstyle on input line 688.
LaTeX Info: Redefining \lslig on input line 688.
\MT@outer@space=\skip60
)
Package microtype Info: Loading configuration file microtype.cfg.

(/usr/share/texlive/texmf-dist/tex/latex/microtype/microtype.cfg
File: microtype.cfg 2023/03/13 v3.1a microtype main configuration file (RS)
))
(/usr/share/texlive/texmf-dist/tex/latex/booktabs/booktabs.sty
Package: booktabs 2020/01/12 v1.61803398 Publication quality tables
\heavyrulewidth=\dimen161
\lightrulewidth=\dimen162
\cmidrulewidth=\dimen163
\belowrulesep=\dimen164
\belowbottomsep=\dimen165
\aboverulesep=\dimen166
\abovetopsep=\dimen167
\cmidrulesep=\dimen168
\cmidrulekern=\dimen169
\defaultaddspace=\dimen170
\@cmidla=\count302
\@cmidlb=\count303
\@aboverulesep=\dimen171
\@belowrulesep=\dimen172
\@thisruleclass=\count304
\@lastruleclass=\count305
\@thisrulewidth=\dimen173
)
(/usr/share/texlive/texmf-dist/tex/latex/caption/caption.sty
Package: caption 2023/08/05 v3.6o Customizing captions (AR)

(/usr/share/texlive/texmf-dist/tex/latex/caption/caption3.sty
Package: caption3 2023/07/31 v2.4d caption3 kernel (AR)
\caption@tempdima=\dimen174
\captionmargin=\dimen175
\caption@leftmargin=\dimen176
\caption@rightmargin=\dimen177
\caption@width=\dimen178
\caption@indent=\dimen179
\caption@parindent=\dimen180
\caption@hangindent=\dimen181
Package caption Info: Standard document class detected.
)
\c@caption@flags=\count306
\c@continuedfloat=\count307
Package caption Info: float package is loaded.
Package caption Info: hyperref package is loaded.
)
luaotfload | cache : Lookup cache loaded from /home/brunollacer/.texlive2023/tex
mf-var/luatex-cache/generic/names/luaotfload-lookup-cache.luc.
luaotfload | aux : font no 23 (nil) does not define feature smcp for script latn
 with language dflt
luaotfload | aux : font no 24 (nil) does not define feature smcp for script latn
 with language dflt
luaotfload | aux : font no 25 (nil) does not define feature smcp for script latn
 with language dflt
luaotfload | aux : font no 26 (nil) does not define feature smcp for script latn
 with language dflt

Package fontspec Info: Font family 'LatinModernRoman(0)' created for font
(fontspec)             'Latin Modern Roman' with options [Ligatures=TeX].
(fontspec)              
(fontspec)              This font family consists of the following NFSS
(fontspec)             series/shapes:
(fontspec)              
(fontspec)             - 'normal' (m/n) with NFSS spec.:
(fontspec)             <->"LatinModernRoman:mode=node;script=latn;language=dflt
;+tlig;"
(fontspec)             - 'small caps'  (m/sc) with NFSS spec.: 
(fontspec)             - 'bold' (b/n) with NFSS spec.:
(fontspec)             <->"LatinModernRoman/B:mode=node;script=latn;language=df
lt;+tlig;"
(fontspec)             - 'bold small caps'  (b/sc) with NFSS spec.: 
(fontspec)             - 'italic' (m/it) with NFSS spec.:
(fontspec)             <->"LatinModernRoman/I:mode=node;script=latn;language=df
lt;+tlig;"
(fontspec)             - 'italic small caps'  (m/scit) with NFSS spec.: 
(fontspec)             - 'bold italic' (b/it) with NFSS spec.:
(fontspec)             <->"LatinModernRoman/BI:mode=node;script=latn;language=d
flt;+tlig;"
(fontspec)             - 'bold italic small caps'  (b/scit) with NFSS spec.: 

luaotfload | aux : font no 33 (nil) does not define feature smcp for script latn
 with language dflt
luaotfload | aux : font no 34 (nil) does not define feature smcp for script latn
 with language dflt
luaotfload | aux : font no 35 (nil) does not define feature smcp for script latn
 with language dflt
luaotfload | aux : font no 36 (nil) does not define feature smcp for script latn
 with language dflt

Package fontspec Info: Font family 'LatinModernRoman(1)' created for font
(fontspec)             'Latin Modern Roman' with options [Renderer=Basic].
(fontspec)              
(fontspec)              This font family consists of the following NFSS
(fontspec)             series/shapes:
(fontspec)              
(fontspec)             - 'normal' (m/n) with NFSS spec.:
(fontspec)             <->"LatinModernRoman:mode=base;script=latn;language=dflt
;"
(fontspec)             - 'small caps'  (m/sc) with NFSS spec.: 
(fontspec)             - 'bold' (b/n) with NFSS spec.:
(fontspec)             <->"LatinModernRoman/B:mode=base;script=latn;language=df
lt;"
(fontspec)             - 'bold small caps'  (b/sc) with NFSS spec.: 
(fontspec)             - 'italic' (m/it) with NFSS spec.:
(fontspec)             <->"LatinModernRoman/I:mode=base;script=latn;language=df
lt;"
(fontspec)             - 'italic small caps'  (m/scit) with NFSS spec.: 
(fontspec)             - 'bold italic' (b/it) with NFSS spec.:
(fontspec)             <->"LatinModernRoman/BI:mode=base;script=latn;language=d
flt;"
(fontspec)             - 'bold italic small caps'  (b/scit) with NFSS spec.: 

LaTeX Font Info:    Overwriting math alphabet `\mathrm' in version `normal'
(Font)                  OT1/cmr/m/n --> TU/LatinModernRoman(1)/m/n on input lin
e 23.
LaTeX Font Info:    Overwriting math alphabet `\mathit' in version `normal'
(Font)                  OT1/cmr/m/it --> TU/LatinModernRoman(1)/m/it on input l
ine 23.
LaTeX Font Info:    Overwriting math alphabet `\mathbf' in version `normal'
(Font)                  OT1/cmr/bx/n --> TU/LatinModernRoman(1)/b/n on input li
ne 23.

Package fontspec Info: Could not resolve font "STIXTwoMath/B" (it probably
(fontspec)             doesn't exist).


Package fontspec Info: Font family 'STIXTwoMath(0)' created for font 'STIX Two
(fontspec)             Math' with options
(fontspec)             [Renderer=Basic,BoldItalicFont={},ItalicFont={},SmallCap
sFont={},Script=Math,RawFeature={mathfontdimen=xetex}].
(fontspec)              
(fontspec)              This font family consists of the following NFSS
(fontspec)             series/shapes:
(fontspec)              
(fontspec)             - 'normal' (m/n) with NFSS spec.:
(fontspec)             <->"STIXTwoMath:mode=base;script=math;language=dflt;math
fontdimen=xetex;"
(fontspec)             - 'small caps'  (m/sc) with NFSS spec.: 


Package fontspec Info: Could not resolve font "STIXTwoMath/B" (it probably
(fontspec)             doesn't exist).


Package fontspec Info: Font family 'STIXTwoMath(1)' created for font 'STIX Two
(fontspec)             Math' with options
(fontspec)             [Renderer=Basic,BoldItalicFont={},ItalicFont={},SmallCap
sFont={},Script=Math,SizeFeatures={{Size=8.5-},{Size=6.25-8.5,Font=STIX
(fontspec)             Two Math,Style=MathScript},{Size=-6.25,Font=STIX Two
(fontspec)             Math,Style=MathScriptScript}},RawFeature={mathfontdimen=
xetex}].
(fontspec)              
(fontspec)              This font family consists of the following NFSS
(fontspec)             series/shapes:
(fontspec)              
(fontspec)             - 'normal' (m/n) with NFSS spec.:
(fontspec)             <8.5->"STIXTwoMath:mode=base;script=math;language=dflt;m
athfontdimen=xetex;"<6.25-8.5>"STIXTwoMath:mode=base;script=math;language=dflt;
mathfontdimen=xetex;+ssty=0;"<-6.25>"STIXTwoMath:mode=base;script=math;language
=dflt;mathfontdimen=xetex;+ssty=1;"
(fontspec)             - 'small caps'  (m/sc) with NFSS spec.: 

LaTeX Font Info:    Encoding `OT1' has changed to `TU' for symbol font
(Font)              `operators' in the math version `normal' on input line 24.
LaTeX Font Info:    Overwriting symbol font `operators' in version `normal'
(Font)                  OT1/cmr/m/n --> TU/STIXTwoMath(1)/m/n on input line 24.

LaTeX Font Info:    Encoding `OT1' has changed to `TU' for symbol font
(Font)              `operators' in the math version `bold' on input line 24.
LaTeX Font Info:    Overwriting symbol font `operators' in version `bold'
(Font)                  OT1/cmr/bx/n --> TU/STIXTwoMath(1)/b/n on input line 24
.

Package fontspec Info: Could not resolve font "STIXTwoMath/B" (it probably
(fontspec)             doesn't exist).


Package fontspec Info: Font family 'STIXTwoMath(2)' created for font 'STIX Two
(fontspec)             Math' with options
(fontspec)             [Renderer=Basic,BoldItalicFont={},ItalicFont={},SmallCap
sFont={},Script=Math,SizeFeatures={{Size=8.5-},{Size=6.25-8.5,Font=STIX
(fontspec)             Two Math,Style=MathScript},{Size=-6.25,Font=STIX Two
(fontspec)             Math,Style=MathScriptScript}},RawFeature={mathfontdimen=
xetex},RawFeature={mathfontdimen=tex2}].
(fontspec)              
(fontspec)              This font family consists of the following NFSS
(fontspec)             series/shapes:
(fontspec)              
(fontspec)             - 'normal' (m/n) with NFSS spec.:
(fontspec)             <8.5->"STIXTwoMath:mode=base;script=math;language=dflt;m
athfontdimen=xetex;mathfontdimen=tex2;"<6.25-8.5>"STIXTwoMath:mode=base;script=
math;language=dflt;mathfontdimen=xetex;mathfontdimen=tex2;+ssty=0;"<-6.25>"STIX
TwoMath:mode=base;script=math;language=dflt;mathfontdimen=xetex;mathfontdimen=t
ex2;+ssty=1;"
(fontspec)             - 'small caps'  (m/sc) with NFSS spec.: 

LaTeX Font Info:    Encoding `OMS' has changed to `TU' for symbol font
(Font)              `symbols' in the math version `normal' on input line 24.
LaTeX Font Info:    Overwriting symbol font `symbols' in version `normal'
(Font)                  OMS/cmsy/m/n --> TU/STIXTwoMath(2)/m/n on input line 24
.
LaTeX Font Info:    Encoding `OMS' has changed to `TU' for symbol font
(Font)              `symbols' in the math version `bold' on input line 24.
LaTeX Font Info:    Overwriting symbol font `symbols' in version `bold'
(Font)                  OMS/cmsy/b/n --> TU/STIXTwoMath(2)/b/n on input line 24
.

Package fontspec Info: Could not resolve font "STIXTwoMath/B" (it probably
(fontspec)             doesn't exist).


Package fontspec Info: Font family 'STIXTwoMath(3)' created for font 'STIX Two
(fontspec)             Math' with options
(fontspec)             [Renderer=Basic,BoldItalicFont={},ItalicFont={},SmallCap
sFont={},Script=Math,SizeFeatures={{Size=8.5-},{Size=6.25-8.5,Font=STIX
(fontspec)             Two Math,Style=MathScript},{Size=-6.25,Font=STIX Two
(fontspec)             Math,Style=MathScriptScript}},RawFeature={mathfontdimen=
xetex},RawFeature={mathfontdimen=tex3}].
(fontspec)              
(fontspec)              This font family consists of the following NFSS
(fontspec)             series/shapes:
(fontspec)              
(fontspec)             - 'normal' (m/n) with NFSS spec.:
(fontspec)             <8.5->"STIXTwoMath:mode=base;script=math;language=dflt;m
athfontdimen=xetex;mathfontdimen=tex3;"<6.25-8.5>"STIXTwoMath:mode=base;script=
math;language=dflt;mathfontdimen=xetex;mathfontdimen=tex3;+ssty=0;"<-6.25>"STIX
TwoMath:mode=base;script=math;language=dflt;mathfontdimen=xetex;mathfontdimen=t
ex3;+ssty=1;"
(fontspec)             - 'small caps'  (m/sc) with NFSS spec.: 

LaTeX Font Info:    Encoding `OMX' has changed to `TU' for symbol font
(Font)              `largesymbols' in the math version `normal' on input line 2
4.
LaTeX Font Info:    Overwriting symbol font `largesymbols' in version `normal'
(Font)                  OMX/cmex/m/n --> TU/STIXTwoMath(3)/m/n on input line 24
.
LaTeX Font Info:    Encoding `OMX' has changed to `TU' for symbol font
(Font)              `largesymbols' in the math version `bold' on input line 24.

LaTeX Font Info:    Overwriting symbol font `largesymbols' in version `bold'
(Font)                  OMX/cmex/m/n --> TU/STIXTwoMath(3)/b/n on input line 24
.
LaTeX Font Info:    Trying to load font information for U+msa on input line 24.


(/usr/share/texlive/texmf-dist/tex/latex/amsfonts/umsa.fd
File: umsa.fd 2013/01/14 v3.01 AMS symbols A
)
LaTeX Font Info:    Trying to load font information for U+msb on input line 24.


(/usr/share/texlive/texmf-dist/tex/latex/amsfonts/umsb.fd
File: umsb.fd 2013/01/14 v3.01 AMS symbols B
)
\c@theorem=\count308
\c@lemma=\count309
\c@remark=\count310
\c@conjecture=\count311
\c@corollary=\count312
\c@proposition=\count313
\c@definition=\count314
\c@example=\count315

(/usr/share/texlive/texmf-dist/tex/latex/biblatex/biblatex.sty
Package: biblatex 2023/03/05 v3.19 programmable bibliographies (PK/MW)

(/usr/share/texlive/texmf-dist/tex/latex/logreq/logreq.sty
Package: logreq 2010/08/04 v1.0 xml request logger
\lrq@indent=\count316

(/usr/share/texlive/texmf-dist/tex/latex/logreq/logreq.def
File: logreq.def 2010/08/04 v1.0 logreq spec v1.0
))
(/usr/share/texlive/texmf-dist/tex/latex/base/ifthen.sty
Package: ifthen 2022/04/13 v1.1d Standard LaTeX ifthen package (DPC)
)
\c@tabx@nest=\count317
\c@listtotal=\count318
\c@listcount=\count319
\c@liststart=\count320
\c@liststop=\count321
\c@citecount=\count322
\c@citetotal=\count323
\c@multicitecount=\count324
\c@multicitetotal=\count325
\c@instcount=\count326
\c@maxnames=\count327
\c@minnames=\count328
\c@maxitems=\count329
\c@minitems=\count330
\c@citecounter=\count331
\c@maxcitecounter=\count332
\c@savedcitecounter=\count333
\c@uniquelist=\count334
\c@uniquename=\count335
\c@refsection=\count336
\c@refsegment=\count337
\c@maxextratitle=\count338
\c@maxextratitleyear=\count339
\c@maxextraname=\count340
\c@maxextradate=\count341
\c@maxextraalpha=\count342
\c@abbrvpenalty=\count343
\c@highnamepenalty=\count344
\c@lownamepenalty=\count345
\c@maxparens=\count346
\c@parenlevel=\count347
\blx@tempcnta=\count348
\blx@tempcntb=\count349
\blx@tempcntc=\count350
\c@blx@maxsection=\count351
\blx@maxsegment@0=\count352
\blx@notetype=\count353
\blx@parenlevel@text=\count354
\blx@parenlevel@foot=\count355
\blx@sectionciteorder@0=\count356
\blx@sectionciteorderinternal@0=\count357
\blx@entrysetcounter=\count358
\blx@biblioinstance=\count359
\labelnumberwidth=\skip61
\labelalphawidth=\skip62
\biblabelsep=\skip63
\bibitemsep=\skip64
\bibnamesep=\skip65
\bibinitsep=\skip66
\bibparsep=\skip67
\bibhang=\skip68
\blx@bcfin=\read2
\blx@bcfout=\write3
\blx@langwohyphens=\language2
\c@mincomprange=\count360
\c@maxcomprange=\count361
\c@mincompwidth=\count362
Package biblatex Info: Trying to load biblatex default data model...
Package biblatex Info: ... file 'blx-dm.def' found.

(/usr/share/texlive/texmf-dist/tex/latex/biblatex/blx-dm.def
File: blx-dm.def 2023/03/05 v3.19 biblatex localization (PK/MW)
)
Package biblatex Info: Trying to load biblatex style data model...
Package biblatex Info: ... file 'alphabetic.dbx' not found.
Package biblatex Info: Trying to load biblatex custom data model...
Package biblatex Info: ... file 'biblatex-dm.cfg' not found.
\c@afterword=\count363
\c@savedafterword=\count364
\c@annotator=\count365
\c@savedannotator=\count366
\c@author=\count367
\c@savedauthor=\count368
\c@bookauthor=\count369
\c@savedbookauthor=\count370
\c@commentator=\count371
\c@savedcommentator=\count372
\c@editor=\count373
\c@savededitor=\count374
\c@editora=\count375
\c@savededitora=\count376
\c@editorb=\count377
\c@savededitorb=\count378
\c@editorc=\count379
\c@savededitorc=\count380
\c@foreword=\count381
\c@savedforeword=\count382
\c@holder=\count383
\c@savedholder=\count384
\c@introduction=\count385
\c@savedintroduction=\count386
\c@namea=\count387
\c@savednamea=\count388
\c@nameb=\count389
\c@savednameb=\count390
\c@namec=\count391
\c@savednamec=\count392
\c@translator=\count393
\c@savedtranslator=\count394
\c@shortauthor=\count395
\c@savedshortauthor=\count396
\c@shorteditor=\count397
\c@savedshorteditor=\count398
\c@labelname=\count399
\c@savedlabelname=\count400
\c@institution=\count401
\c@savedinstitution=\count402
\c@lista=\count403
\c@savedlista=\count404
\c@listb=\count405
\c@savedlistb=\count406
\c@listc=\count407
\c@savedlistc=\count408
\c@listd=\count409
\c@savedlistd=\count410
\c@liste=\count411
\c@savedliste=\count412
\c@listf=\count413
\c@savedlistf=\count414
\c@location=\count415
\c@savedlocation=\count416
\c@organization=\count417
\c@savedorganization=\count418
\c@origlocation=\count419
\c@savedoriglocation=\count420
\c@origpublisher=\count421
\c@savedorigpublisher=\count422
\c@publisher=\count423
\c@savedpublisher=\count424
\c@language=\count425
\c@savedlanguage=\count426
\c@origlanguage=\count427
\c@savedoriglanguage=\count428
\c@pageref=\count429
\c@savedpageref=\count430
\shorthandwidth=\skip69
\shortjournalwidth=\skip70
\shortserieswidth=\skip71
\shorttitlewidth=\skip72
\shortauthorwidth=\skip73
\shorteditorwidth=\skip74
\locallabelnumberwidth=\skip75
\locallabelalphawidth=\skip76
\localshorthandwidth=\skip77
\localshortjournalwidth=\skip78
\localshortserieswidth=\skip79
\localshorttitlewidth=\skip80
\localshortauthorwidth=\skip81
\localshorteditorwidth=\skip82
Package biblatex Info: Trying to load enhanced support for Unicode engines...
Package biblatex Info: ... file 'blx-unicode.def' found.

(/usr/share/texlive/texmf-dist/tex/latex/biblatex/blx-unicode.def)
Package biblatex Info: Trying to load compatibility code...
Package biblatex Info: ... file 'blx-compat.def' found.

(/usr/share/texlive/texmf-dist/tex/latex/biblatex/blx-compat.def
File: blx-compat.def 2023/03/05 v3.19 biblatex compatibility (PK/MW)
)
Package biblatex Info: Trying to load generic definitions...
Package biblatex Info: ... file 'biblatex.def' found.

(/usr/share/texlive/texmf-dist/tex/latex/biblatex/biblatex.def
File: biblatex.def 2023/03/05 v3.19 biblatex compatibility (PK/MW)
\c@textcitecount=\count431
\c@textcitetotal=\count432
\c@textcitemaxnames=\count433
\c@biburlbigbreakpenalty=\count434
\c@biburlbreakpenalty=\count435
\c@biburlnumpenalty=\count436
\c@biburlucpenalty=\count437
\c@biburllcpenalty=\count438
\biburlbigskip=\muskip19
\biburlnumskip=\muskip20
\biburlucskip=\muskip21
\biburllcskip=\muskip22
\c@smartand=\count439
)
Package biblatex Info: Trying to load bibliography style 'alphabetic'...
Package biblatex Info: ... file 'alphabetic.bbx' found.

(/usr/share/texlive/texmf-dist/tex/latex/biblatex/bbx/alphabetic.bbx
File: alphabetic.bbx 2023/03/05 v3.19 biblatex bibliography style (PK/MW)
Package biblatex Info: Trying to load bibliography style 'standard'...
Package biblatex Info: ... file 'standard.bbx' found.

(/usr/share/texlive/texmf-dist/tex/latex/biblatex/bbx/standard.bbx
File: standard.bbx 2023/03/05 v3.19 biblatex bibliography style (PK/MW)
\c@bbx:relatedcount=\count440
\c@bbx:relatedtotal=\count441
))
Package biblatex Info: Trying to load citation style 'alphabetic'...
Package biblatex Info: ... file 'alphabetic.cbx' found.

(/usr/share/texlive/texmf-dist/tex/latex/biblatex/cbx/alphabetic.cbx
File: alphabetic.cbx 2023/03/05 v3.19 biblatex citation style (PK/MW)
Package biblatex Info: Redefining '\cite'.
Package biblatex Info: Redefining '\parencite'.
Package biblatex Info: Redefining '\footcite'.
Package biblatex Info: Redefining '\footcitetext'.
Package biblatex Info: Redefining '\smartcite'.
Package biblatex Info: Redefining '\textcite'.
Package biblatex Info: Redefining '\textcites'.
Package biblatex Info: Redefining '\cites'.
Package biblatex Info: Redefining '\parencites'.
Package biblatex Info: Redefining '\smartcites'.
)
Package biblatex Info: Trying to load configuration file...
Package biblatex Info: ... file 'biblatex.cfg' found.

(/usr/share/texlive/texmf-dist/tex/latex/biblatex/biblatex.cfg
File: biblatex.cfg 
)
Package biblatex Info: LuaTeX detected.
(biblatex)             Assuming input encoding 'utf8'.
Package biblatex Info: Document encoding is UTF8 ....
Package biblatex Info: ... and expl3
(biblatex)             2024-01-22 L3 programming layer (loader) 
(biblatex)             is new enough (at least 2020/04/06),
(biblatex)             setting 'casechanger=expl3'.

(/usr/share/texlive/texmf-dist/tex/latex/biblatex/blx-case-expl3.sty
Package: blx-case-expl3 2023/03/05 v3.19 expl3 case changing code for biblatex
))
\@quotelevel=\count442
\@quotereset=\count443

(./main.aux)
\openout1 = main.aux

LaTeX Font Info:    Checking defaults for OML/cmm/m/it on input line 52.
LaTeX Font Info:    ... okay on input line 52.
LaTeX Font Info:    Checking defaults for OMS/cmsy/m/n on input line 52.
LaTeX Font Info:    ... okay on input line 52.
LaTeX Font Info:    Checking defaults for OT1/cmr/m/n on input line 52.
LaTeX Font Info:    ... okay on input line 52.
LaTeX Font Info:    Checking defaults for T1/cmr/m/n on input line 52.
LaTeX Font Info:    ... okay on input line 52.
LaTeX Font Info:    Checking defaults for TS1/cmr/m/n on input line 52.
LaTeX Font Info:    ... okay on input line 52.
LaTeX Font Info:    Checking defaults for TU/lmr/m/n on input line 52.
LaTeX Font Info:    ... okay on input line 52.
LaTeX Font Info:    Checking defaults for OMX/cmex/m/n on input line 52.
LaTeX Font Info:    ... okay on input line 52.
LaTeX Font Info:    Checking defaults for U/cmr/m/n on input line 52.
LaTeX Font Info:    ... okay on input line 52.
LaTeX Font Info:    Checking defaults for PD1/pdf/m/n on input line 52.
LaTeX Font Info:    ... okay on input line 52.
LaTeX Font Info:    Checking defaults for PU/pdf/m/n on input line 52.
LaTeX Font Info:    ... okay on input line 52.
 (/usr/share/texlive/texmf-dist/tex/context/base/mkii/supp-pdf.mkii
[Loading MPS to PDF converter (version 2006.09.02).]
\scratchcounter=\count444
\scratchdimen=\dimen182
\scratchbox=\box59
\nofMPsegments=\count445
\nofMParguments=\count446
\everyMPshowfont=\toks36
\MPscratchCnt=\count447
\MPscratchDim=\dimen183
\MPnumerator=\count448
\makeMPintoPDFobject=\count449
\everyMPtoPDFconversion=\toks37
) (/usr/share/texlive/texmf-dist/tex/latex/epstopdf-pkg/epstopdf-base.sty
Package: epstopdf-base 2020-01-24 v2.11 Base part for package epstopdf
Package epstopdf-base Info: Redefining graphics rule for `.eps' on input line 4
85.

(/usr/share/texlive/texmf-dist/tex/latex/latexconfig/epstopdf-sys.cfg
File: epstopdf-sys.cfg 2010/07/13 v1.3 Configuration of (r)epstopdf for TeX Liv
e
))
Package hyperref Info: Link coloring OFF on input line 52.

(./main.out) (./main.out)
\@outlinefile=\write4

\openout4 = main.out
LaTeX Font Info:    Overwriting math alphabet `\mathsf' in version `normal'
(Font)                  OT1/cmss/m/n --> TU/lmss/m/n on input line 52.
LaTeX Font Info:    Overwriting math alphabet `\mathsf' in version `bold'
(Font)                  OT1/cmss/bx/n --> TU/lmss/b/n on input line 52.
LaTeX Font Info:    Overwriting math alphabet `\mathtt' in version `normal'
(Font)                  OT1/cmtt/m/n --> TU/lmtt/m/n on input line 52.
LaTeX Font Info:    Overwriting math alphabet `\mathtt' in version `bold'
(Font)                  OT1/cmtt/m/n --> TU/lmtt/b/n on input line 52.
LaTeX Info: Redefining \microtypecontext on input line 52.
Package microtype Info: Applying patch `item' on input line 52.
Package microtype Info: Applying patch `toc' on input line 52.
Package microtype Info: Applying patch `eqnum' on input line 52.
Package microtype Info: Applying patch `footnote' on input line 52.
Package microtype Info: Applying patch `verbatim' on input line 52.
Package microtype Info: Generating PDF output.
Package microtype Info: Character protrusion enabled (level 2).
Package microtype Info: Using default protrusion set `alltext'.
Package microtype Info: Automatic font expansion enabled (level 2),
(microtype)             stretch: 20, shrink: 20, step: 1, non-selected.
Package microtype Info: Using default expansion set `alltext-nott'.
LaTeX Info: Redefining \showhyphens on input line 52.
Package microtype Info: No adjustment of tracking.
Package microtype Info: No adjustment of spacing.
Package microtype Info: No adjustment of kerning.

(/usr/share/texlive/texmf-dist/tex/latex/microtype/mt-LatinModernRoman.cfg
File: mt-LatinModernRoman.cfg 2021/02/21 v1.1 microtype config. file: Latin Mod
ern Roman (RS)
)
Package caption Info: Begin \AtBeginDocument code.
Package caption Info: End \AtBeginDocument code.
Package biblatex Info: Trying to load language 'english'...
Package biblatex Info: ... file 'english.lbx' found.

(/usr/share/texlive/texmf-dist/tex/latex/biblatex/lbx/english.lbx
File: english.lbx 2023/03/05 v3.19 biblatex localization (PK/MW)
)
Package biblatex Info: LuaTeX detected.
(biblatex)             Assuming input encoding 'utf8'.
Package biblatex Info: Automatic encoding selection.
(biblatex)             Assuming data encoding 'utf8'.

\openout3 = main.bcf
Package biblatex Info: Trying to load bibliographic data...
Package biblatex Info: ... file 'main.bbl' found.
 (./main.bbl)
Package biblatex Info: Reference section=0 on input line 52.
Package biblatex Info: Reference segment=0 on input line 52.
Package microtype Info: Loading generic protrusion settings for font family
(microtype)             `STIXTwoMath' (encoding: TU).
(microtype)             For optimal results, create family-specific settings.
(microtype)             See the microtype manual for details.
(/usr/share/texlive/texmf-dist/tex/latex/microtype/mt-msa.cfg
File: mt-msa.cfg 2006/02/04 v1.1 microtype config. file: AMS symbols (a) (RS)
)
(/usr/share/texlive/texmf-dist/tex/latex/microtype/mt-msb.cfg
File: mt-msb.cfg 2005/06/01 v1.0 microtype config. file: AMS symbols (b) (RS)
) (./main.toc)
\tf@toc=\write5

\openout5 = main.toc

[1

{/var/lib/texmf/fonts/map/pdftex/updmap/pdftex.map}] [2]
<images/Overview.png, id=136, 1012.5328pt x 660.21657pt>
File: images/Overview.png Graphic file (type png)
<use images/Overview.png>
Package luatex.def Info: images/Overview.png  used on input line 151.
(luatex.def)             Requested size: 345.0pt x 224.95421pt.
 [3] [4<./images/Overview.png>] [5] [6] [7] [8] [9]
Overfull \hbox (0.92375pt too wide) detected at line 536
\TU/STIXTwoMath(1)/m/n/10 (𝑇 ∘ (𝑆 ∘ 𝑅))(𝑎, 𝑑) = [] 𝑅(
𝑎, 𝑏) ⊗ [] [] 𝑆(𝑏, 𝑐) ⊗ 𝑇(𝑐, 𝑑)[] = [] 𝑅(𝑎, 
𝑏) ⊗ 𝑆(𝑏, 𝑐) ⊗ 𝑇(𝑐, 𝑑).
 []

[10] [11] [12] [13]
<images/froberniusDiagram.png, id=216, 590.205pt x 311.1625pt>
File: images/froberniusDiagram.png Graphic file (type png)
<use images/froberniusDiagram.png>
Package luatex.def Info: images/froberniusDiagram.png  used on input line 820.
(luatex.def)             Requested size: 345.0pt x 181.88927pt.
<images/FroberniusLaw.png, id=217, 672.5125pt x 128.48pt>
File: images/FroberniusLaw.png Graphic file (type png)
<use images/FroberniusLaw.png>
Package luatex.def Info: images/FroberniusLaw.png  used on input line 826.
(luatex.def)             Requested size: 345.0pt x 65.91013pt.
 [14<./images/froberniusDiagram.png>] [15<./images/FroberniusLaw.png>]
<images/Definibilty.png, id=244, 150.5625pt x 61.73062pt>
File: images/Definibilty.png Graphic file (type png)
<use images/Definibilty.png>
Package luatex.def Info: images/Definibilty.png  used on input line 919.
(luatex.def)             Requested size: 120.7521pt x 49.51076pt.
 [16<./images/Definibilty.png>]
Underfull \hbox (badness 10000) in paragraph at lines 963--964
[]|\TU/LatinModernRoman(0)/m/n/10 Ex-pres-siv-ity: $\TU/STIXTwoMath(1)/m/n/10 
∀ 𝑓 ∈
 []


Overfull \hbox (1.13484pt too wide) in paragraph at lines 938--967
 [][] 
 []

[17]
<images/RightAlgebra.png, id=272, 174.6525pt x 24.84282pt>
File: images/RightAlgebra.png Graphic file (type png)
<use images/RightAlgebra.png>
Package luatex.def Info: images/RightAlgebra.png  used on input line 982.
(luatex.def)             Requested size: 172.5pt x 24.53796pt.
<images/LeftAlgebra.png, id=273, 168.63pt x 18.82031pt>
File: images/LeftAlgebra.png Graphic file (type png)
<use images/LeftAlgebra.png>
Package luatex.def Info: images/LeftAlgebra.png  used on input line 988.
(luatex.def)             Requested size: 172.5pt x 19.25273pt.
 [18<./images/RightAlgebra.png><./images/LeftAlgebra.png>] [19] [20]
[21] [22] [23] [24] [25] [26] [27] [28]
<images/GQA/GQA.png, id=357, 509.905pt x 60.225pt>
File: images/GQA/GQA.png Graphic file (type png)
<use images/GQA/GQA.png>
Package luatex.def Info: images/GQA/GQA.png  used on input line 1799.
(luatex.def)             Requested size: 345.0pt x 40.75027pt.
<images/GQA/GQAAxioms.png, id=358, 848.16875pt x 786.94pt>
File: images/GQA/GQAAxioms.png Graphic file (type png)
<use images/GQA/GQAAxioms.png>
Package luatex.def Info: images/GQA/GQAAxioms.png  used on input line 1808.
(luatex.def)             Requested size: 345.0pt x 320.08984pt.
 [29<./images/GQA/GQA.png>]
<images//GQA/GQAInterpretation.png, id=367, 411.03563pt x 102.3825pt>
File: images//GQA/GQAInterpretation.png Graphic file (type png)
<use images//GQA/GQAInterpretation.png>
Package luatex.def Info: images//GQA/GQAInterpretation.png  used on input line 
1818.
(luatex.def)             Requested size: 345.0pt x 85.93353pt.
 [30<./images/GQA/GQAAxioms.png><./images//GQA/GQAInterpretation.png>] [31] [32
]
<images/GQA/subspaceProj.png, id=401, 286.06876pt x 73.02281pt>
File: images/GQA/subspaceProj.png Graphic file (type png)
<use images/GQA/subspaceProj.png>
Package luatex.def Info: images/GQA/subspaceProj.png  used on input line 2009.
(luatex.def)             Requested size: 345.0pt x 88.06703pt.
 [33]
<images/GQA/ProofProjection.png, id=408, 415.5525pt x 280.04625pt>
File: images/GQA/ProofProjection.png Graphic file (type png)
<use images/GQA/ProofProjection.png>
Package luatex.def Info: images/GQA/ProofProjection.png  used on input line 201
8.
(luatex.def)             Requested size: 345.0pt x 232.51096pt.
<images//GQA/GQAeNormalForm.png, id=410, 346.29375pt x 98.61844pt>
File: images//GQA/GQAeNormalForm.png Graphic file (type png)
<use images//GQA/GQAeNormalForm.png>
Package luatex.def Info: images//GQA/GQAeNormalForm.png  used on input line 204
6.
(luatex.def)             Requested size: 345.0pt x 98.2525pt.

[34<./images/GQA/subspaceProj.png><./images/GQA/ProofProjection.png>]
<images//GQA/preliminary form.png, id=418, 452.4403pt x 290.58563pt>
File: images//GQA/preliminary form.png Graphic file (type png)
<use images//GQA/preliminary form.png>
Package luatex.def Info: images//GQA/preliminary form.png  used on input line 2
057.
(luatex.def)             Requested size: 345.0pt x 221.57896pt.
 [35<./images//GQA/GQAeNormalForm.png><./images//GQA/preliminary form.png>]
<images//GQA/NormalFormScalar.png, id=429, 252.19218pt x 105.39375pt>
File: images//GQA/NormalFormScalar.png Graphic file (type png)
<use images//GQA/NormalFormScalar.png>
Package luatex.def Info: images//GQA/NormalFormScalar.png  used on input line 2
134.
(luatex.def)             Requested size: 258.75pt x 108.1354pt.
<images/States.png, id=430, 753.5653pt x 238.64156pt>
File: images/States.png Graphic file (type png)
<use images/States.png>
Package luatex.def Info: images/States.png  used on input line 2146.
(luatex.def)             Requested size: 345.0pt x 109.25572pt.
 [36<./images//GQA/NormalFormScalar.png>]
<images//GQA/CollectDiagrams.png, id=437, 137.01187pt x 98.61844pt>
File: images//GQA/CollectDiagrams.png Graphic file (type png)
<use images//GQA/CollectDiagrams.png>
Package luatex.def Info: images//GQA/CollectDiagrams.png  used on input line 21
55.
(luatex.def)             Requested size: 103.50105pt x 74.49933pt.
<images//GQA/ProofNormalForm1.png, id=438, 169.38281pt x 122.70844pt>
File: images//GQA/ProofNormalForm1.png Graphic file (type png)
<use images//GQA/ProofNormalForm1.png>
Package luatex.def Info: images//GQA/ProofNormalForm1.png  used on input line 2
163.
(luatex.def)             Requested size: 103.50105pt x 74.9831pt.
<images//GQA/ProofNormalForm2.png, id=440, 681.29532pt x 420.06938pt>
File: images//GQA/ProofNormalForm2.png Graphic file (type png)
<use images//GQA/ProofNormalForm2.png>
Package luatex.def Info: images//GQA/ProofNormalForm2.png  used on input line 2
171.
(luatex.def)             Requested size: 345.0pt x 212.71985pt.
 [37<./images/States.png><./images//GQA/CollectDiagrams.png><./images//GQA/Proof
NormalForm1.png>]
<images//GQA/ProofNormalForm3.png, id=449, 632.3625pt x 310.15875pt>
File: images//GQA/ProofNormalForm3.png Graphic file (type png)
<use images//GQA/ProofNormalForm3.png>
Package luatex.def Info: images//GQA/ProofNormalForm3.png  used on input line 2
181.
(luatex.def)             Requested size: 345.0pt x 169.21536pt.
<images//GQA/ProofNormalForm4.png, id=450, 760.34062pt x 633.86812pt>
File: images//GQA/ProofNormalForm4.png Graphic file (type png)
<use images//GQA/ProofNormalForm4.png>
Package luatex.def Info: images//GQA/ProofNormalForm4.png  used on input line 2
188.
(luatex.def)             Requested size: 345.0pt x 287.61734pt.
 [38<./images//GQA/ProofNormalForm2.png><./images//GQA/ProofNormalForm3.png>]
<images//GQA/ProofNormalForm5.png, id=457, 443.40656pt x 657.95813pt>
File: images//GQA/ProofNormalForm5.png Graphic file (type png)
<use images//GQA/ProofNormalForm5.png>
Package luatex.def Info: images//GQA/ProofNormalForm5.png  used on input line 2
195.
(luatex.def)             Requested size: 345.0pt x 511.97041pt.
 [39<./images//GQA/ProofNormalForm4.png>]
<images//GQA/ProofNormalForm6.png, id=463, 134.00063pt x 85.06781pt>
File: images//GQA/ProofNormalForm6.png Graphic file (type png)
<use images//GQA/ProofNormalForm6.png>
Package luatex.def Info: images//GQA/ProofNormalForm6.png  used on input line 2
203.
(luatex.def)             Requested size: 172.5pt x 109.50816pt.
 [40<./images//GQA/ProofNormalForm5.png>]
<images//GQA/SoundnessGQA.png, id=469, 566.115pt x 304.13625pt>
File: images//GQA/SoundnessGQA.png Graphic file (type png)
<use images//GQA/SoundnessGQA.png>
Package luatex.def Info: images//GQA/SoundnessGQA.png  used on input line 2228.

(luatex.def)             Requested size: 345.0pt x 185.35112pt.
 [41<./images//GQA/ProofNormalForm6.png><./images//GQA/SoundnessGQA.png>]
<images/GQA/PQFDiagram.png, id=480, 545.78906pt x 141.52875pt>
File: images/GQA/PQFDiagram.png Graphic file (type png)
<use images/GQA/PQFDiagram.png>
Package luatex.def Info: images/GQA/PQFDiagram.png  used on input line 2250.
(luatex.def)             Requested size: 345.0pt x 89.4616pt.
<images//GQA/ProofExpressivity.png, id=481, 497.60907pt x 163.3603pt>
File: images//GQA/ProofExpressivity.png Graphic file (type png)
<use images//GQA/ProofExpressivity.png>
Package luatex.def Info: images//GQA/ProofExpressivity.png  used on input line 
2256.
(luatex.def)             Requested size: 345.0pt x 113.26212pt.
<images//GQA/ProofCompleteness1.png, id=483, 119.69719pt x 60.97781pt>
File: images//GQA/ProofCompleteness1.png Graphic file (type png)
<use images//GQA/ProofCompleteness1.png>
Package luatex.def Info: images//GQA/ProofCompleteness1.png  used on input line
 2274.
(luatex.def)             Requested size: 86.25pt x 43.9384pt.
 [42<./images/GQA/PQFDiagram.png><./images//GQA/ProofExpressivity.png><./images/
/GQA/ProofCompleteness1.png>]
<images/GQA/ExpansionRelation.png, id=496, 436.63126pt x 80.55093pt>
File: images/GQA/ExpansionRelation.png Graphic file (type png)
<use images/GQA/ExpansionRelation.png>
Package luatex.def Info: images/GQA/ExpansionRelation.png  used on input line 2
322.
(luatex.def)             Requested size: 345.0pt x 63.64682pt.
<images/GQA/ProofExpansion.png, id=497, 450.18187pt x 205.5178pt>
File: images/GQA/ProofExpansion.png Graphic file (type png)
<use images/GQA/ProofExpansion.png>
Package luatex.def Info: images/GQA/ProofExpansion.png  used on input line 2327
.
(luatex.def)             Requested size: 345.0pt x 157.50598pt.
 [43<./images/GQA/ExpansionRelation.png>]
<images/GQA/ContractionRelation.png, id=505, 423.08063pt x 83.5622pt>
File: images/GQA/ContractionRelation.png Graphic file (type png)
<use images/GQA/ContractionRelation.png>
Package luatex.def Info: images/GQA/ContractionRelation.png  used on input line
 2332.
(luatex.def)             Requested size: 345.0pt x 68.14273pt.
<images/GQA/OrthogonalProj.png, id=506, 386.94562pt x 91.84312pt>
File: images/GQA/OrthogonalProj.png Graphic file (type png)
<use images/GQA/OrthogonalProj.png>
Package luatex.def Info: images/GQA/OrthogonalProj.png  used on input line 2350
.
(luatex.def)             Requested size: 345.0pt x 81.88866pt.
<images/GQA/ProofMatrixProj.png, id=507, 344.03531pt x 538.26094pt>
File: images/GQA/ProofMatrixProj.png Graphic file (type png)
<use images/GQA/ProofMatrixProj.png>
Package luatex.def Info: images/GQA/ProofMatrixProj.png  used on input line 235
5.
(luatex.def)             Requested size: 345.0pt x 539.77084pt.
<images/GQA/ProofMatrixProj2.png, id=508, 505.89pt x 124.21407pt>
File: images/GQA/ProofMatrixProj2.png Graphic file (type png)
<use images/GQA/ProofMatrixProj2.png>
Package luatex.def Info: images/GQA/ProofMatrixProj2.png  used on input line 23
56.
(luatex.def)             Requested size: 345.0pt x 84.71083pt.
 [44<./images/GQA/ProofExpansion.png><./images/GQA/ContractionRelation.png><./im
ages/GQA/OrthogonalProj.png>] [45<./images/GQA/ProofMatrixProj.png>]
<images/GQA/GSVDOrth.png, id=519, 456.95718pt x 123.46124pt>
File: images/GQA/GSVDOrth.png Graphic file (type png)
<use images/GQA/GSVDOrth.png>
Package luatex.def Info: images/GQA/GSVDOrth.png  used on input line 2364.
(luatex.def)             Requested size: 345.0pt x 93.21547pt.
<images/GQA/ProofGSVDOrth.png, id=520, 497.60907pt x 415.5525pt>
File: images/GQA/ProofGSVDOrth.png Graphic file (type png)
<use images/GQA/ProofGSVDOrth.png>
Package luatex.def Info: images/GQA/ProofGSVDOrth.png  used on input line 2369.

(luatex.def)             Requested size: 345.0pt x 288.11383pt.
 [46<./images/GQA/ProofMatrixProj2.png><./images/GQA/GSVDOrth.png><./images/GQA/
ProofGSVDOrth.png>]
<images/GQA/OrthogonalProjectionRelation.png, id=526, 507.39563pt x 73.02281pt>

File: images/GQA/OrthogonalProjectionRelation.png Graphic file (type png)
<use images/GQA/OrthogonalProjectionRelation.png>
Package luatex.def Info: images/GQA/OrthogonalProjectionRelation.png  used on i
nput line 2378.
(luatex.def)             Requested size: 345.0pt x 49.6526pt.
<images/GQA/OrthogonalProjRel2.png, id=527, 229.60782pt x 47.42719pt>
File: images/GQA/OrthogonalProjRel2.png Graphic file (type png)
<use images/GQA/OrthogonalProjRel2.png>
Package luatex.def Info: images/GQA/OrthogonalProjRel2.png  used on input line 
2379.
(luatex.def)             Requested size: 345.0pt x 71.26578pt.
<images/GQA/ProofOrthRel.png, id=528, 645.91313pt x 188.20313pt>
File: images/GQA/ProofOrthRel.png Graphic file (type png)
<use images/GQA/ProofOrthRel.png>
Package luatex.def Info: images/GQA/ProofOrthRel.png  used on input line 2384.
(luatex.def)             Requested size: 345.0pt x 100.52254pt.
<images/GQA/ProofOrthRel2.png, id=529, 651.18282pt x 349.305pt>
File: images/GQA/ProofOrthRel2.png Graphic file (type png)
<use images/GQA/ProofOrthRel2.png>
Package luatex.def Info: images/GQA/ProofOrthRel2.png  used on input line 2385.

(luatex.def)             Requested size: 345.0pt x 185.0668pt.
 [47<./images/GQA/OrthogonalProjectionRelation.png><./images/GQA/OrthogonalProjR
el2.png><./images/GQA/ProofOrthRel.png><./images/GQA/ProofOrthRel2.png>]
<images/GPA/PolyGen.png, id=538, 345.29pt x 46.1725pt>
File: images/GPA/PolyGen.png Graphic file (type png)
<use images/GPA/PolyGen.png>
Package luatex.def Info: images/GPA/PolyGen.png  used on input line 2447.
(luatex.def)             Requested size: 241.49895pt x 32.29373pt.
<images//GPA/AffineAxiom.png, id=539, 92.59593pt x 47.42719pt>
File: images//GPA/AffineAxiom.png Graphic file (type png)
<use images//GPA/AffineAxiom.png>
Package luatex.def Info: images//GPA/AffineAxiom.png  used on input line 2452.
(luatex.def)             Requested size: 68.99895pt x 35.34161pt.
<images/GPA/PolyAxioms.png, id=540, 911.405pt x 275.0275pt>
File: images/GPA/PolyAxioms.png Graphic file (type png)
<use images/GPA/PolyAxioms.png>
Package luatex.def Info: images/GPA/PolyAxioms.png  used on input line 2456.
(luatex.def)             Requested size: 345.0pt x 104.10866pt.
 [48<./images/GPA/PolyGen.png>] [49<./images//GPA/AffineAxiom.png><./images/GPA/
PolyAxioms.png>]
<images/GPA/transitivity.png, id=562, 535.2497pt x 169.38281pt>
File: images/GPA/transitivity.png Graphic file (type png)
<use images/GPA/transitivity.png>
Package luatex.def Info: images/GPA/transitivity.png  used on input line 2532.
(luatex.def)             Requested size: 345.0pt x 109.18257pt.
<images/GPA/reflexivity.png, id=563, 553.31718pt x 140.02313pt>
File: images/GPA/reflexivity.png Graphic file (type png)
<use images/GPA/reflexivity.png>
Package luatex.def Info: images/GPA/reflexivity.png  used on input line 2539.
(luatex.def)             Requested size: 345.0pt x 87.30484pt.
<images/GPA/antysim.png, id=564, 781.41937pt x 511.15968pt>
File: images/GPA/antysim.png Graphic file (type png)
<use images/GPA/antysim.png>
Package luatex.def Info: images/GPA/antysim.png  used on input line 2546.
(luatex.def)             Requested size: 345.0pt x 225.67531pt.
 [50<./images/GPA/transitivity.png><./images/GPA/reflexivity.png>]
<images//GPA/FMEDiag.png, id=572, 833.36343pt x 129.48375pt>
File: images//GPA/FMEDiag.png Graphic file (type png)
<use images//GPA/FMEDiag.png>
Package luatex.def Info: images//GPA/FMEDiag.png  used on input line 2556.
(luatex.def)             Requested size: 345.0pt x 53.60434pt.
<images//GPA/ProofFMEDiag.png, id=573, 417.81094pt x 673.01437pt>
File: images//GPA/ProofFMEDiag.png Graphic file (type png)
<use images//GPA/ProofFMEDiag.png>
Package luatex.def Info: images//GPA/ProofFMEDiag.png  used on input line 2564.

(luatex.def)             Requested size: 345.0pt x 555.76744pt.
<images//GPA/ProofFMEDiag2.png, id=574, 414.04688pt x 230.36063pt>
File: images//GPA/ProofFMEDiag2.png Graphic file (type png)
<use images//GPA/ProofFMEDiag2.png>
Package luatex.def Info: images//GPA/ProofFMEDiag2.png  used on input line 2568
.
(luatex.def)             Requested size: 345.0pt x 191.95146pt.
 [51<./images/GPA/antysim.png><./images//GPA/FMEDiag.png>]
Overfull \vbox (5.76744pt too high) has occurred while \output is active []


[52<./images//GPA/ProofFMEDiag.png>]
<images/GPA/FirstNormalFormPCRel.png, id=589, 1083.04625pt x 376.40625pt>
File: images/GPA/FirstNormalFormPCRel.png Graphic file (type png)
<use images/GPA/FirstNormalFormPCRel.png>
Package luatex.def Info: images/GPA/FirstNormalFormPCRel.png  used on input lin
e 2585.
(luatex.def)             Requested size: 258.75pt x 89.92581pt.
<images//GPA/BaseCase1NormalFormProof.png, id=590, 982.67125pt x 152.57pt>
File: images//GPA/BaseCase1NormalFormProof.png Graphic file (type png)
<use images//GPA/BaseCase1NormalFormProof.png>
Package luatex.def Info: images//GPA/BaseCase1NormalFormProof.png  used on inpu
t line 2594.
(luatex.def)             Requested size: 258.75pt x 40.17244pt.
<images//GPA/BaseCase2NormalFormProof.png, id=591, 580.1675pt x 348.30125pt>
File: images//GPA/BaseCase2NormalFormProof.png Graphic file (type png)
<use images//GPA/BaseCase2NormalFormProof.png>
Package luatex.def Info: images//GPA/BaseCase2NormalFormProof.png  used on inpu
t line 2599.
(luatex.def)             Requested size: 345.0pt x 207.12224pt.
 [53<./images//GPA/ProofFMEDiag2.png><./images/GPA/FirstNormalFormPCRel.png><./i
mages//GPA/BaseCase1NormalFormProof.png>]
<images//GPA/InductiveCase1NormalFormProof.png, id=602, 661.72218pt x 580.41844
pt>
File: images//GPA/InductiveCase1NormalFormProof.png Graphic file (type png)
<use images//GPA/InductiveCase1NormalFormProof.png>
Package luatex.def Info: images//GPA/InductiveCase1NormalFormProof.png  used on
 input line 2606.
(luatex.def)             Requested size: 258.75pt x 226.95566pt.
<images//GPA/InductiveCase2NormalFormProof.png, id=603, 562.1pt x 187.70125pt>
File: images//GPA/InductiveCase2NormalFormProof.png Graphic file (type png)
<use images//GPA/InductiveCase2NormalFormProof.png>
Package luatex.def Info: images//GPA/InductiveCase2NormalFormProof.png  used on
 input line 2611.
(luatex.def)             Requested size: 345.0pt x 115.20502pt.

[54<./images//GPA/BaseCase2NormalFormProof.png><./images//GPA/InductiveCase1Norm
alFormProof.png>]
<images/GPA/PolarOperator.png, id=614, 863.225pt x 147.55125pt>
File: images/GPA/PolarOperator.png Graphic file (type png)
<use images/GPA/PolarOperator.png>
Package luatex.def Info: images/GPA/PolarOperator.png  used on input line 2650.

(luatex.def)             Requested size: 345.0pt x 58.96991pt.
 [55<./images//GPA/InductiveCase2NormalFormProof.png><./images/GPA/PolarOperator
.png>]
<images//GPA/SecondNormalFormGPA.png, id=626, 409.53pt x 273.27094pt>
File: images//GPA/SecondNormalFormGPA.png Graphic file (type png)
<use images//GPA/SecondNormalFormGPA.png>
Package luatex.def Info: images//GPA/SecondNormalFormGPA.png  used on input lin
e 2660.
(luatex.def)             Requested size: 258.75pt x 172.67029pt.
<images//GPA/SoundnessPCRel1.png, id=627, 661.47125pt x 918.43124pt>
File: images//GPA/SoundnessPCRel1.png Graphic file (type png)
<use images//GPA/SoundnessPCRel1.png>
Package luatex.def Info: images//GPA/SoundnessPCRel1.png  used on input line 26
91.
(luatex.def)             Requested size: 345.0pt x 479.01643pt.
<images//GPA/SoundnessPCRel2.png, id=628, 641.39626pt x 797.98125pt>
File: images//GPA/SoundnessPCRel2.png Graphic file (type png)
<use images//GPA/SoundnessPCRel2.png>
Package luatex.def Info: images//GPA/SoundnessPCRel2.png  used on input line 26
95.
(luatex.def)             Requested size: 345.0pt x 429.23532pt.
 [56<./images//GPA/SecondNormalFormGPA.png>] [57<./images//GPA/SoundnessPCRel1.p
ng>]
<images//GPA/PCRelExpressivity.png, id=643, 310.91156pt x 152.82094pt>
File: images//GPA/PCRelExpressivity.png Graphic file (type png)
<use images//GPA/PCRelExpressivity.png>
Package luatex.def Info: images//GPA/PCRelExpressivity.png  used on input line 
2712.
(luatex.def)             Requested size: 258.75pt x 127.18178pt.
 [58<./images//GPA/SoundnessPCRel2.png>]
<images//GPA/ProofCompleteness1.png, id=652, 1306.8825pt x 255.95625pt>
File: images//GPA/ProofCompleteness1.png Graphic file (type png)
<use images//GPA/ProofCompleteness1.png>
Package luatex.def Info: images//GPA/ProofCompleteness1.png  used on input line
 2726.
(luatex.def)             Requested size: 345.0pt x 67.5664pt.
<images//GPA/ProofCompleteness2.png, id=653, 913.16156pt x 482.55281pt>
File: images//GPA/ProofCompleteness2.png Graphic file (type png)
<use images//GPA/ProofCompleteness2.png>
Package luatex.def Info: images//GPA/ProofCompleteness2.png  used on input line
 2735.
(luatex.def)             Requested size: 345.0pt x 182.31168pt.
 [59<./images//GPA/PCRelExpressivity.png><./images//GPA/ProofCompleteness1.png><
./images//GPA/ProofCompleteness2.png>]
<images/GPA/NormalFormGPA.png, id=662, 451.6875pt x 171.64125pt>
File: images/GPA/NormalFormGPA.png Graphic file (type png)
<use images/GPA/NormalFormGPA.png>
Package luatex.def Info: images/GPA/NormalFormGPA.png  used on input line 2767.

(luatex.def)             Requested size: 345.0pt x 131.10867pt.
<images/GPA/affineGPAProof1.png, id=663, 751.30687pt x 178.41656pt>
File: images/GPA/affineGPAProof1.png Graphic file (type png)
<use images/GPA/affineGPAProof1.png>
Package luatex.def Info: images/GPA/affineGPAProof1.png  used on input line 277
7.
(luatex.def)             Requested size: 345.0pt x 81.93103pt.
<images/GPA/affineGPAProof2.png, id=665, 782.17218pt x 344.78813pt>
File: images/GPA/affineGPAProof2.png Graphic file (type png)
<use images/GPA/affineGPAProof2.png>
Package luatex.def Info: images/GPA/affineGPAProof2.png  used on input line 278
4.
(luatex.def)             Requested size: 345.0pt x 152.08076pt.
 [60<./images/GPA/NormalFormGPA.png><./images/GPA/affineGPAProof1.png>]
<images/GPA/ExpressivityPolyRel.png, id=676, 1081.03876pt x 256.70906pt>
File: images/GPA/ExpressivityPolyRel.png Graphic file (type png)
<use images/GPA/ExpressivityPolyRel.png>
Package luatex.def Info: images/GPA/ExpressivityPolyRel.png  used on input line
 2818.
(luatex.def)             Requested size: 345.0pt x 81.9253pt.
 [61<./images/GPA/affineGPAProof2.png><./images/GPA/ExpressivityPolyRel.png>]
<images/GPA/CompletenessGPAProof.png, id=689, 1142.01656pt x 627.84563pt>
File: images/GPA/CompletenessGPAProof.png Graphic file (type png)
<use images/GPA/CompletenessGPAProof.png>
Package luatex.def Info: images/GPA/CompletenessGPAProof.png  used on input lin
e 2844.
(luatex.def)             Requested size: 345.0pt x 189.66762pt.
 [62<./images/GPA/CompletenessGPAProof.png>] [63]
<images//GLP/NewGenerator.png, id=705, 536.75531pt x 186.6975pt>
File: images//GLP/NewGenerator.png Graphic file (type png)
<use images//GLP/NewGenerator.png>
Package luatex.def Info: images//GLP/NewGenerator.png  used on input line 3016.

(luatex.def)             Requested size: 258.75pt x 89.99835pt.
<images//GLP/NewAxioms.png, id=706, 875.52094pt x 329.73187pt>
File: images//GLP/NewAxioms.png Graphic file (type png)
<use images//GLP/NewAxioms.png>
Package luatex.def Info: images//GLP/NewAxioms.png  used on input line 3022.
(luatex.def)             Requested size: 258.75pt x 97.44614pt.
 [64<./images//GLP/NewGenerator.png>] [65<./images//GLP/NewAxioms.png>]
<images//GLP/NormalForm.png, id=723, 444.15938pt x 148.30406pt>
File: images//GLP/NormalForm.png Graphic file (type png)
<use images//GLP/NormalForm.png>
Package luatex.def Info: images//GLP/NormalForm.png  used on input line 3102.
(luatex.def)             Requested size: 258.75pt x 86.3943pt.
<images/GLP/Affine transformation.png, id=724, 1063.72406pt x 256.70906pt>
File: images/GLP/Affine transformation.png Graphic file (type png)
<use images/GLP/Affine transformation.png>
Package luatex.def Info: images/GLP/Affine transformation.png  used on input li
ne 3107.
(luatex.def)             Requested size: 258.75pt x 62.44183pt.
<images//GLP/ProofNormalFOrm1.png, id=725, 511.9125pt x 432.11438pt>
File: images//GLP/ProofNormalFOrm1.png Graphic file (type png)
<use images//GLP/ProofNormalFOrm1.png>
Package luatex.def Info: images//GLP/ProofNormalFOrm1.png  used on input line 3
117.
(luatex.def)             Requested size: 258.75pt x 218.41713pt.
 [66<./images//GLP/NormalForm.png><./images/GLP/Affine transformation.png>]
<images//GLP/ProofNormalForm2.png, id=734, 587.94656pt x 632.3625pt>
File: images//GLP/ProofNormalForm2.png Graphic file (type png)
<use images//GLP/ProofNormalForm2.png>
Package luatex.def Info: images//GLP/ProofNormalForm2.png  used on input line 3
123.
(luatex.def)             Requested size: 258.75pt x 278.29825pt.
 [67
Missing character: There is no ∈ (U+2208) in font LatinModernRoman:mode=node;s
cript=latn;language=dflt;+tlig;!
<./images//GLP/ProofNormalFOrm1.png><./images//GLP/ProofNormalForm2.png>]
<images//GLP/epiForm1.png, id=742, 420.82219pt x 675.27281pt>
File: images//GLP/epiForm1.png Graphic file (type png)
<use images//GLP/epiForm1.png>
Package luatex.def Info: images//GLP/epiForm1.png  used on input line 3145.
(luatex.def)             Requested size: 345.0pt x 553.61395pt.

[68]
Overfull \vbox (3.61395pt too high) has occurred while \output is active []


[69<./images//GLP/epiForm1.png>]
<images//GLP/ExpressivityGLP.png, id=754, 1112.65688pt x 606.01407pt>
File: images//GLP/ExpressivityGLP.png Graphic file (type png)
<use images//GLP/ExpressivityGLP.png>
Package luatex.def Info: images//GLP/ExpressivityGLP.png  used on input line 31
78.
(luatex.def)             Requested size: 258.75pt x 140.92455pt.
<images//GLP/Soundness.png, id=755, 1193.20781pt x 415.5525pt>
File: images//GLP/Soundness.png Graphic file (type png)
<use images//GLP/Soundness.png>
Package luatex.def Info: images//GLP/Soundness.png  used on input line 3194.
(luatex.def)             Requested size: 258.75pt x 90.10928pt.
 [70<./images//GLP/ExpressivityGLP.png>]
<images//GLP/proofCompleteness1.png, id=767, 1021.56656pt x 572.1375pt>
File: images//GLP/proofCompleteness1.png Graphic file (type png)
<use images//GLP/proofCompleteness1.png>
Package luatex.def Info: images//GLP/proofCompleteness1.png  used on input line
 3223.
(luatex.def)             Requested size: 258.75pt x 144.911pt.
<images//GLP/proofCompleteness4.png, id=768, 877.77937pt x 501.37312pt>
File: images//GLP/proofCompleteness4.png Graphic file (type png)
<use images//GLP/proofCompleteness4.png>
Package luatex.def Info: images//GLP/proofCompleteness4.png  used on input line
 3235.
(luatex.def)             Requested size: 258.75pt x 147.79668pt.

[71<./images//GLP/Soundness.png><./images//GLP/proofCompleteness1.png>]
[72<./images//GLP/proofCompleteness4.png>] [73]
warning  (file images/Overview.pdf) (pdf inclusion): PDF inclusion: found PDF ve
rsion '1.7', but at most version '1.5' allowed
<images/Overview.pdf, id=791, 597.50787pt x 845.04684pt>
File: images/Overview.pdf Graphic file (type pdf)
<use images/Overview.pdf>
Package luatex.def Info: images/Overview.pdf  used on input line 3333.
(luatex.def)             Requested size: 345.0pt x 487.92258pt.
[74]
Package microtype Info: Loading generic protrusion settings for font family
(microtype)             `lmtt' (encoding: TU).
(microtype)             For optimal results, create family-specific settings.
(microtype)             See the microtype manual for details.
 [75<./images/Overview.pdf>] [76] [77]
Overfull \hbox (4.6702pt too wide) in paragraph at lines 3342--3342
[]\TU/LatinModernRoman(0)/m/n/10 Cé-dric Vil-lani. \TU/LatinModernRoman(0)/m/i
t/10 Op-ti-mal Trans-port: Old and New\TU/LatinModernRoman(0)/m/n/10 . Vol. 338.
 Grundlehren
 []


Overfull \hbox (8.68771pt too wide) in paragraph at lines 3342--3342
\TU/LatinModernRoman(0)/m/it/10 An In-tro-duc-tion\TU/LatinModernRoman(0)/m/n/1
0 . Foun-da-tions of Com-put-ing. Cam-bridge, Mas-sachusetts:
 []


Overfull \hbox (1.4449pt too wide) in paragraph at lines 3342--3342
\TU/LatinModernRoman(0)/m/n/10 MIT Press, 1993. ISBN: 978-0-262-23169-5. URL: [
]$\TU/lmtt/m/n/10 https : / / mitpress .
 []

[78] [79] (./main.aux)
 ***********
LaTeX2e <2023-11-01> patch level 1
L3 programming layer <2024-01-22>
 ***********
Package rerunfilecheck Info: File `main.out' has not changed.
(rerunfilecheck)             Checksum: 6B476B245C9C4785CD29558B00D5FCD7;2799.
Package logreq Info: Writing requests to 'main.run.xml'.

\openout1 = main.run.xml
)

Here is how much of LuaTeX's memory you used:
 28897 strings out of 476553
 125161,1977958 words of node,token memory allocated
 1709 words of node memory still in use:
   8 hlist, 2 vlist, 2 rule, 1 local_par, 8 glue, 4 kern, 1 penalty, 1 margin_ke
rn, 4 glyph, 244 attribute, 71 glue_spec, 244 attribute_list, 1 write, 14 pdf_ac
tion nodes
   avail lists: 1:4,2:852,3:414,4:144,5:593,6:105,7:8349,8:71,9:557,10:23,11:808

 49973 multiletter control sequences out of 65536+600000
 133 fonts using 43853563 bytes
 90i,15n,91p,1000b,1421s stack positions out of 10000i,1000n,20000p,200000b,200000s
</usr/share/texmf/fonts/opentype/public/lm/lmmono10-regular.otf></usr/share/texm
f/fonts/opentype/public/lm/lmroman12-bold.otf></usr/share/texmf/fonts/opentype/p
ublic/lm/lmroman5-bold.otf></usr/share/texmf/fonts/opentype/public/lm/lmroman7-b
old.otf></usr/share/texmf/fonts/opentype/public/lm/lmroman7-regular.otf></usr/sh
are/texmf/fonts/opentype/public/lm/lmroman8-regular.otf></usr/share/texmf/fonts/
opentype/public/lm/lmroman6-regular.otf></usr/share/texmf/fonts/opentype/public/
lm/lmroman7-regular.otf></usr/share/texlive/texmf-dist/fonts/opentype/public/sti
x2-otf/STIXTwoMath-Regular.otf></usr/share/texmf/fonts/opentype/public/lm/lmroma
n10-bolditalic.otf></usr/share/texmf/fonts/opentype/public/lm/lmroman10-regular.
otf></usr/share/texlive/texmf-dist/fonts/opentype/public/stix2-otf/STIXTwoMath-R
egular.otf></usr/share/texmf/fonts/opentype/public/lm/lmroman10-italic.otf></usr
/share/texlive/texmf-dist/fonts/opentype/public/stix2-otf/STIXTwoMath-Regular.ot
f></usr/share/texmf/fonts/opentype/public/lm/lmroman10-bold.otf></usr/share/texm
f/fonts/opentype/public/lm/lmroman10-regular.otf></usr/share/texmf/fonts/opentyp
e/public/lm/lmroman10-bold.otf></usr/share/texmf/fonts/opentype/public/lm/lmroma
n12-bold.otf></usr/share/texmf/fonts/opentype/public/lm/lmroman12-regular.otf></
usr/share/texmf/fonts/opentype/public/lm/lmroman17-regular.otf>
Output written on main.pdf (79 pages, 2817865 bytes).

PDF statistics: 1018 PDF objects out of 1200 (max. 8388607)
 779 compressed objects within 8 object streams
 283 named destinations out of 1000 (max. 131072)
 113 words of extra memory for PDF output out of 10000 (max. 100000000)

